3 entries
Alice is a teacher
Alice is a teacher
Bob is a musician
Charlie is a chef
